input Error : character4